The specification is: input: 3atom.pdb, triangulation: VCMC, surface: MS, color: atom, radius:  1.400, scale:  4.000, outname: 3atom_ms
Load file...
Initialize...
actual boxlength  38, box[ 38* 36* 38], scale factor  4.000
Build solvent-accessible solid
Euclidean Distance Transform
Build triangulated surface
Total time 0.093 seconds
No. vertices 684, No. triangles 1364
Total area 57.850 and volume 42.697
Distinguish inner and outer surfaces
Calculate cavity number...
Cavity number is 0
Calculate cavity area and volume...
Cavity area 0.000 and volume 0.000
Calculate inner and outer atoms
Output 3D model
Output residue surface area
