omit wrong option
The specification is: input: 1atom.pdb, triangulation: VCMC, surface: VWS, color: atom, radius:  1.400, scale:  4.000, outname: 1atom
Load file...
Initialize...
actual boxlength  20, box[ 20* 20* 20], scale factor  4.000
Build van der Waals solid
Build triangulated surface
Total time 0.015 seconds
No. vertices 446, No. triangles 888
Total area 35.870 and volume 24.959
Distinguish inner and outer surfaces
Calculate cavity number...
Cavity number is 0
Calculate cavity area and volume...
Cavity area 0.000 and volume 0.000
Calculate inner and outer atoms
Output 3D model
Output residue surface area
