The specification is: input: 2atom.pdb, triangulation: VCMC, surface: MS, color: atom, radius:  1.400, scale:  4.000, outname: 2atom_ms
Load file...
Initialize...
actual boxlength  35, box[ 35* 35* 35], scale factor  4.000
Build solvent-accessible solid
Euclidean Distance Transform
Build triangulated surface
Total time 0.125 seconds
No. vertices 515, No. triangles 1026
Total area 44.120 and volume 30.375
Distinguish inner and outer surfaces
Calculate cavity number...
Cavity number is 0
Calculate cavity area and volume...
Cavity area 0.000 and volume 0.000
Calculate inner and outer atoms
Output 3D model
Output residue surface area
