omit wrong option
The specification is: input: 3atom.pdb, triangulation: VCMC, surface: VWS, color: atom, radius:  1.400, scale:  4.000, outname: 3atom
Load file...
Initialize...
actual boxlength  27, box[ 27* 25* 27], scale factor  4.000
Build van der Waals solid
Build triangulated surface
Total time 0.015 seconds
No. vertices 999, No. triangles 1994
Total area 81.644 and volume 69.666
Distinguish inner and outer surfaces
Calculate cavity number...
Cavity number is 0
Calculate cavity area and volume...
Cavity area 0.000 and volume 0.000
Calculate inner and outer atoms
Output 3D model
Output residue surface area
